error: TS2394 {
    span: Span {
        lo: BytePos(
            14,
        ),
        hi: BytePos(
            28,
        ),
        ctxt: #0,
    },
}
 --> $DIR/tests/conformance/parser/ecmascript5/ClassDeclarations/parserClassDeclaration12.ts:2:4
  |
2 |    constructor();
  |    ^^^^^^^^^^^^^^

