error: Invalid unciode code point
 --> $DIR/tests/conformance/es6/unicodeExtendedEscapes/unicodeExtendedEscapesInTemplates12_ES6.ts:3:13
  |
3 | var x = `\u{FFFFFFFF}`;
  |             ^^^^^^^^

