error: TS2406
 --> $DIR/tests/conformance/parser/ecmascript5/StrictMode/parserStrictMode4.ts:2:1
  |
2 | arguments = 1;
  | ^^^^^^^^^

error: UndefinedSymbol {
    span: Span {
        lo: BytePos(
            15,
        ),
        hi: BytePos(
            24,
        ),
        ctxt: #0,
    },
}
 --> $DIR/tests/conformance/parser/ecmascript5/StrictMode/parserStrictMode4.ts:2:1
  |
2 | arguments = 1;
  | ^^^^^^^^^

